// Jest Snapshot v1, https://goo.gl/fbAQLP

exports[`PlayerScore renders correctly 1`] = `
<div>
  <h2>
    smth
    : 
    2
  </h2>
</div>
`;
